<html>
<body>
<pre>
<h1>µVision Build Log</h1>
<h2>Tool Versions:</h2>
IDE-Version: µVision V5.41.0.0
Copyright (C) 2024 ARM Ltd and ARM Germany GmbH. All rights reserved.
License Information: Benjamin Clark, Tennessee Tech University, LIC=----
 
Tool Versions:
Toolchain:       MDK-Lite  Version: 5.41.0.0
Toolchain Path:  C:\Users\Benjamin Clark\AppData\Local\Keil_v5\ARM\ARMCLANG\Bin
C Compiler:      ArmClang.exe V6.22
Assembler:       Armasm.exe V6.22
Linker/Locator:  ArmLink.exe V6.22
Library Manager: ArmAr.exe V6.22
Hex Converter:   FromElf.exe V6.22
CPU DLL:         SARMCM3.DLL V5.41.0.0
Dialog DLL:      DCM.DLL V1.17.5.0
Target DLL:      STLink\ST-LINKIII-KEIL_SWO.dll V3.3.0.0
Dialog DLL:      TCM.DLL V1.56.4.0
 
<h2>Project:</h2>
C:\Users\Benjamin Clark\Desktop\School\ECE 3130\Group Project - Digital Lock\3130-Digital-Lock\MDK-ARM\Digital_Lock.uvprojx
Project File Date:  04/07/2025

<h2>Output:</h2>
*** Using Compiler 'V6.22', folder: 'C:\Users\Benjamin Clark\AppData\Local\Keil_v5\ARM\ARMCLANG\Bin'
Build target 'Digital_Lock'
compiling main.c...
linking...
Program Size: Code=14156 RO-data=512 RW-data=12 ZI-data=1780  
FromELF: creating hex file...
"Digital_Lock\Digital_Lock.axf" - 0 Error(s), 0 Warning(s).

<h2>Software Packages used:</h2>

Package Vendor: Keil
                https://www.keil.com/pack/Keil.ARM_Compiler.1.7.2.pack
                Keil::ARM_Compiler@1.7.2
                Keil ARM Compiler extensions for ARM Compiler 5 and ARM Compiler 6
   * Component: STDERR Variant: ITM Version: 1.2.0
   * Component: STDIN Variant: ITM Version: 1.2.0
   * Component: STDOUT Variant: ITM Version: 1.2.0

Package Vendor: Keil
                https://www.keil.com/pack/Keil.STM32L4xx_DFP.3.0.0.pack
                Keil::STM32L4xx_DFP@3.0.0
                STMicroelectronics STM32L4 Series Device Support

<h2>Collection of Component include folders:</h2>
  ./RTE/_Digital_Lock

<h2>Collection of Component Files used:</h2>

   * Component: Keil::Compiler&ARM Compiler:I/O:STDERR&ITM@1.2.0
      Source file:   Source/retarget_io.c

   * Component: Keil::Compiler&ARM Compiler:I/O:STDIN&ITM@1.2.0
      Source file:   Source/retarget_io.c

   * Component: Keil::Compiler&ARM Compiler:I/O:STDOUT&ITM@1.2.0
      Source file:   Source/retarget_io.c
Build Time Elapsed:  00:00:01
</pre>
</body>
</html>
